../Core/Src/main.c:83:6:HAL_CAN_RxFifo1MsgPendingCallback	16	static
../Core/Src/main.c:95:6:pwm_set_duty	24	static
../Core/Src/main.c:118:6:motor_control	16	static
../Core/Src/main.c:137:10:servo_map	24	static
../Core/Src/main.c:141:6:servo_set_duty	32	static
../Core/Src/main.c:166:5:main	48	static
../Core/Src/main.c:283:6:SystemClock_Config	72	static
../Core/Src/main.c:323:13:MX_CAN_Init	8	static
../Core/Src/main.c:360:13:MX_TIM1_Init	96	static
../Core/Src/main.c:439:13:MX_TIM4_Init	64	static
../Core/Src/main.c:498:13:MX_GPIO_Init	40	static
../Core/Src/main.c:534:6:Error_Handler	4	static,ignoring_inline_asm
